
> nextn@0.1.0 build
> next build

 ÔÜá Warning: Next.js inferred your workspace root, but it may not be correct.
 We detected multiple lockfiles and selected the directory of C:\Users\mateu\Projeto\package-lock.json as the root directory.
 To silence this warning, set `outputFileTracingRoot` in your Next.js config, or consider removing one of the lockfiles if it's not needed.
   See https://nextjs.org/docs/app/api-reference/config/next-config-js/output#caveats for more information.
 Detected additional lockfiles: 
   * C:\Users\mateu\Projeto\MobiTec\package-lock.json

   Ôû▓ Next.js 15.5.4

   Creating an optimized production build ...
 ÔÜá Compiled with warnings in 3.9s

./node_modules/@opentelemetry/sdk-node/build/src/TracerProviderWithEnvExporter.js
Module not found: Can't resolve '@opentelemetry/exporter-jaeger' in 'C:\Users\mateu\Projeto\MobiTec\node_modules\@opentelemetry\sdk-node\build\src'

Import trace for requested module:
./node_modules/@opentelemetry/sdk-node/build/src/TracerProviderWithEnvExporter.js
./node_modules/@opentelemetry/sdk-node/build/src/sdk.js
./node_modules/@opentelemetry/sdk-node/build/src/index.js
./node_modules/@genkit-ai/core/lib/tracing.js
./node_modules/genkit/lib/tracing.js
./node_modules/genkit/lib/genkit.js
./node_modules/genkit/lib/index.mjs
./src/ai/flows/get-school-info-by-inep.ts

./node_modules/handlebars/lib/index.js
require.extensions is not supported by webpack. Use a loader instead.

Import trace for requested module:
./node_modules/handlebars/lib/index.js
./node_modules/dotprompt/dist/index.js
./node_modules/@genkit-ai/core/lib/registry.js
./node_modules/genkit/lib/registry.js
./node_modules/genkit/lib/genkit.js
./node_modules/genkit/lib/index.mjs
./src/ai/flows/get-school-info-by-inep.ts

./node_modules/handlebars/lib/index.js
require.extensions is not supported by webpack. Use a loader instead.

Import trace for requested module:
./node_modules/handlebars/lib/index.js
./node_modules/dotprompt/dist/index.js
./node_modules/@genkit-ai/core/lib/registry.js
./node_modules/genkit/lib/registry.js
./node_modules/genkit/lib/genkit.js
./node_modules/genkit/lib/index.mjs
./src/ai/flows/get-school-info-by-inep.ts

./node_modules/handlebars/lib/index.js
require.extensions is not supported by webpack. Use a loader instead.

Import trace for requested module:
./node_modules/handlebars/lib/index.js
./node_modules/dotprompt/dist/index.js
./node_modules/@genkit-ai/core/lib/registry.js
./node_modules/genkit/lib/registry.js
./node_modules/genkit/lib/genkit.js
./node_modules/genkit/lib/index.mjs
./src/ai/flows/get-school-info-by-inep.ts

./node_modules/@genkit-ai/core/lib/tracing.js
Module not found: Can't resolve '@genkit-ai/firebase' in 'C:\Users\mateu\Projeto\MobiTec\node_modules\@genkit-ai\core\lib'

Import trace for requested module:
./node_modules/@genkit-ai/core/lib/tracing.js
./node_modules/genkit/lib/tracing.js
./node_modules/genkit/lib/genkit.js
./node_modules/genkit/lib/index.mjs
./src/ai/flows/get-school-info-by-inep.ts

 Ô£ô Compiled successfully in 5.5s
   Skipping validation of types
   Skipping linting
   Collecting page data ...

> Server Actions are not supported with static export.
Read more: https://nextjs.org/docs/app/building-your-application/deploying/static-exports#unsupported-features
